------------------------------------------------------------
Timing Analyzer Summary
------------------------------------------------------------

Type  : Slow 1100mV 85C Model Setup 'clk'
Slack : -2.453
TNS   : -39.999

Type  : Slow 1100mV 85C Model Hold 'clk'
Slack : 0.400
TNS   : 0.000

Type  : Slow 1100mV 85C Model Recovery 'clk'
Slack : -3.997
TNS   : -82.728

Type  : Slow 1100mV 85C Model Removal 'clk'
Slack : 0.781
TNS   : 0.000

Type  : Slow 1100mV 85C Model Minimum Pulse Width 'clk'
Slack : -0.724
TNS   : -27.855

Type  : Slow 1100mV 0C Model Setup 'clk'
Slack : -2.630
TNS   : -42.154

Type  : Slow 1100mV 0C Model Hold 'clk'
Slack : 0.397
TNS   : 0.000

Type  : Slow 1100mV 0C Model Recovery 'clk'
Slack : -4.079
TNS   : -82.086

Type  : Slow 1100mV 0C Model Removal 'clk'
Slack : 0.580
TNS   : 0.000

Type  : Slow 1100mV 0C Model Minimum Pulse Width 'clk'
Slack : -0.724
TNS   : -28.103

Type  : Fast 1100mV 85C Model Setup 'clk'
Slack : -0.781
TNS   : -7.953

Type  : Fast 1100mV 85C Model Hold 'clk'
Slack : 0.163
TNS   : 0.000

Type  : Fast 1100mV 85C Model Recovery 'clk'
Slack : -1.475
TNS   : -34.389

Type  : Fast 1100mV 85C Model Removal 'clk'
Slack : 0.252
TNS   : 0.000

Type  : Fast 1100mV 85C Model Minimum Pulse Width 'clk'
Slack : -0.254
TNS   : -3.412

Type  : Fast 1100mV 0C Model Setup 'clk'
Slack : -0.699
TNS   : -6.722

Type  : Fast 1100mV 0C Model Hold 'clk'
Slack : 0.148
TNS   : 0.000

Type  : Fast 1100mV 0C Model Recovery 'clk'
Slack : -1.308
TNS   : -30.469

Type  : Fast 1100mV 0C Model Removal 'clk'
Slack : 0.174
TNS   : 0.000

Type  : Fast 1100mV 0C Model Minimum Pulse Width 'clk'
Slack : -0.273
TNS   : -3.590

------------------------------------------------------------
